---
source: gvb_interp/src/compiler.rs
expression: "compile(r#\"10 a=a*b+coo%/2^len(a$+\"xx和\")\"#)"

---
emoji_style: New
--------- data ----------
--------- code ----------
0     0:3..4    push var lvalue A
1     0:5..6    push var A
2     0:7..8    push var B
3     0:5..8    mul
4     0:9..13   push var COO%
5     0:14..15  push number 2
6     0:20..22  push var A$
7     0:23..30  push string "xx和"
8     0:20..30  concat
9     0:16..31  call sys func LEN, arity: 1
10    0:14..31  pow
11    0:9..31   div
12    0:5..31   add
13    0:3..31   assign num
14    0:0..0    end

