---
source: gvb_interp/src/compiler.rs
assertion_line: 2324
expression: "compile(r#\"\n10 get f(i)+1, m*2:get #i/20,abc\n20 put #f(i)+1,m*3:put i/20,AbC%\n    \"#.trim())"

---
emoji_version: V2
--------- data ----------
--------- code ----------
0     0:9..10   push var I
1     0:7..11   push index F, dimensions: 1
2     0:12..13  push number 1
3     0:7..13   add
4     0:15..16  push var M
5     0:17..18  push number 2
6     0:15..18  mul
7     0:3..18   read record
8     0:24..25  push var I
9     0:26..28  push number 20
10    0:24..28  div
11    0:29..32  push var ABC
12    0:19..32  read record
13    1:10..11  push var I
14    1:8..12   push index F, dimensions: 1
15    1:13..14  push number 1
16    1:8..14   add
17    1:15..16  push var M
18    1:17..18  push number 3
19    1:15..18  mul
20    1:3..18   write record
21    1:23..24  push var I
22    1:25..27  push number 20
23    1:23..27  div
24    1:28..32  push var ABC%
25    1:19..32  write record
26    1:0..0    end

