---
source: gvb_interp/src/compiler.rs
expression: "compile(r#\"\n10 input #1, a, b$, c%(m+2,i)\n    \"#.trim())"

---
emoji_style: New
--------- data ----------
--------- code ----------
0     0:13..14  push var lvalue A
1     0:16..18  push var lvalue B$
2     0:23..24  push var M
3     0:25..26  push number 2
4     0:23..26  add
5     0:27..28  push var I
6     0:20..22  push index lvalue C%, dimensions: 2
7     0:10..11  push number 1
8     0:3..29   file input, num fields: 3
9     0:0..0    end

