---
source: gvb_interp/src/parser.rs
expression: tokens
---
[
    (
        0..6,
        LOCATE,
    ),
    (
        7..8,
        <float>,
    ),
    (
        8..9,
        ",",
    ),
    (
        9..10,
        <float>,
    ),
    (
        10..11,
        ":",
    ),
    (
        11..16,
        PRINT,
    ),
    (
        17..21,
        <string>,
    ),
    (
        21..22,
        ":",
    ),
    (
        22..28,
        LOCATE,
    ),
    (
        29..30,
        <float>,
    ),
    (
        30..31,
        ",",
    ),
    (
        31..33,
        <float>,
    ),
    (
        33..34,
        "-",
    ),
    (
        34..37,
        LEN,
    ),
    (
        37..38,
        "(",
    ),
    (
        38..42,
        STR$,
    ),
    (
        42..43,
        "(",
    ),
    (
        43..45,
        <id>,
    ),
    (
        45..46,
        ")",
    ),
    (
        46..47,
        ")",
    ),
    (
        47..48,
        ":",
    ),
    (
        48..53,
        PRINT,
    ),
    (
        54..56,
        <id>,
    ),
    (
        56..57,
        ":",
    ),
    (
        57..61,
        DRAW,
    ),
    (
        62..65,
        <float>,
    ),
    (
        65..66,
        ",",
    ),
    (
        66..68,
        <float>,
    ),
    (
        68..68,
        <eof>,
    ),
]
