---
source: gvb_interp/src/compiler.rs
expression: "compile(r#\"\n10 while a$>\"AB=号即\":print:wend:while a<>b:cls:while a<2:cls:wend\n20 cls:goto 20:wend\n    \"#.trim())"

---
emoji_style: New
--------- data ----------
--------- code ----------
0     0:9..11   push var A$
1     0:12..23  push string "AB=号即"
2     0:9..23   str Gt
3     0:3..23   start while loop, cond start addr: 0, end addr: 6
4     0:24..29  print newline
5     0:30..34  wend
6     0:41..42  push var A
7     0:44..45  push var B
8     0:41..45  num Ne
9     0:35..45  start while loop, cond start addr: 6, end addr: 20
10    0:46..49  cls
11    0:56..57  push var A
12    0:58..59  push number 2
13    0:56..59  num Lt
14    0:50..59  start while loop, cond start addr: 11, end addr: 17
15    0:60..63  cls
16    0:64..68  wend
17    1:3..6    cls
18    1:7..14   goto 17
19    1:15..19  wend
20    1:0..0    end

