---
source: gvb_interp/src/vm.rs
expression: device.log.borrow()

---
draw point at (10, 21), Copy
draw point at (11, 22), Not
draw line from (11, 22) to (33, 44), Copy
draw line from (11, 22) to (33, 44), Erase
draw box from (11, 22) to (33, 44), fill: false, Copy
draw box from (10, 20) to (10, 0), fill: true, Copy
draw box from (11, 22) to (34, 44), fill: false, Not
draw circle at (11, 22), radius: 6, fill: false, Copy
draw circle at (10, 20), radius: 6, fill: true, Copy
draw circle at (10, 20), radius: 6, fill: false, Not
draw ellipse at (10, 20), rx: 7, ry: 3, fill: false, Copy
draw ellipse at (10, 20), rx: 7, ry: 3, fill: true, Copy
draw ellipse at (10, 20), rx: 7, ry: 3, fill: true, Not

