---
source: gvb_interp/src/compiler.rs
expression: "compile(r#\"\n10 boX 1+2,3,4,5,7:box a%,val(c$(a,b)+chr$(tan(72))),m%(3,j+k,i),0:box 1,2,3,4,5,6\n20 draw 10,20:draw -3,1,t\n30 circle x*10,y*10,3:circle x1,y1%+2,11,0:circle x2,y2,r,4,5\n40 line x0,y0,x1,y1:line x0,y0,x1,y1,2\n50 ellipse x,y,a,b:ellipse x,y,a,b,1:ellipse x,y,a,b,k,6\n    \"#.trim())"

---
emoji_version: New
--------- data ----------
--------- code ----------
0     0:7..8    push number 1
1     0:9..10   push number 2
2     0:7..10   add
3     0:11..12  push number 3
4     0:13..14  push number 4
5     0:15..16  push number 5
6     0:17..18  push number 7
7     0:3..18   draw box, has_fill: true, has_mode: false
8     0:23..25  push var A%
9     0:33..34  push var A
10    0:35..36  push var B
11    0:30..37  push index C$, dimensions: 2
12    0:47..49  push number 72
13    0:43..50  call sys func TAN, arity: 1
14    0:38..51  call sys func CHR$, arity: 1
15    0:30..51  concat
16    0:26..52  call sys func VAL, arity: 1
17    0:56..57  push number 3
18    0:58..59  push var J
19    0:60..61  push var K
20    0:58..61  add
21    0:62..63  push var I
22    0:53..64  push index M%, dimensions: 3
23    0:65..66  push number 0
24    0:19..66  draw box, has_fill: false, has_mode: false
25    0:71..72  push number 1
26    0:73..74  push number 2
27    0:75..76  push number 3
28    0:77..78  push number 4
29    0:79..80  push number 5
30    0:81..82  push number 6
31    0:67..82  draw box, has_fill: true, has_mode: true
32    1:8..10   push number 10
33    1:11..13  push number 20
34    1:3..13   draw point, has_mode: false
35    1:20..21  push number 3
36    1:19..21  neg
37    1:22..23  push number 1
38    1:24..25  push var T
39    1:14..25  draw point, has_mode: true
40    2:10..11  push var X
41    2:12..14  push number 10
42    2:10..14  mul
43    2:15..16  push var Y
44    2:17..19  push number 10
45    2:15..19  mul
46    2:20..21  push number 3
47    2:3..21   draw circle, has_fill: false, has_mode: false
48    2:29..31  push var X1
49    2:32..35  push var Y1%
50    2:36..37  push number 2
51    2:32..37  add
52    2:38..40  push number 11
53    2:41..42  push number 0
54    2:22..42  draw circle, has_fill: true, has_mode: false
55    2:50..52  push var X2
56    2:53..55  push var Y2
57    2:56..57  push var R
58    2:58..59  push number 4
59    2:60..61  push number 5
60    2:43..61  draw circle, has_fill: true, has_mode: true
61    3:8..10   push var X0
62    3:11..13  push var Y0
63    3:14..16  push var X1
64    3:17..19  push var Y1
65    3:3..19   draw line, has_mode: false
66    3:25..27  push var X0
67    3:28..30  push var Y0
68    3:31..33  push var X1
69    3:34..36  push var Y1
70    3:37..38  push number 2
71    3:20..38  draw line, has_mode: true
72    4:11..12  push var X
73    4:13..14  push var Y
74    4:15..16  push var A
75    4:17..18  push var B
76    4:3..18   draw ellipse, has_fill: false, has_mode: false
77    4:27..28  push var X
78    4:29..30  push var Y
79    4:31..32  push var A
80    4:33..34  push var B
81    4:35..36  push number 1
82    4:19..36  draw ellipse, has_fill: true, has_mode: false
83    4:45..46  push var X
84    4:47..48  push var Y
85    4:49..50  push var A
86    4:51..52  push var B
87    4:53..54  push var K
88    4:55..56  push number 6
89    4:37..56  draw ellipse, has_fill: true, has_mode: true
90    4:0..0    end

