---
source: gvb_interp/src/parser.rs
expression: tokens

---
[
    (
        0..6,
        Keyword(
            LOCATE,
        ),
    ),
    (
        7..8,
        Float,
    ),
    (
        8..9,
        Punc(
            Comma,
        ),
    ),
    (
        9..10,
        Float,
    ),
    (
        10..11,
        Punc(
            Colon,
        ),
    ),
    (
        11..16,
        Keyword(
            PRINT,
        ),
    ),
    (
        17..23,
        String,
    ),
    (
        23..24,
        Punc(
            Colon,
        ),
    ),
    (
        24..30,
        Keyword(
            LOCATE,
        ),
    ),
    (
        31..32,
        Float,
    ),
    (
        32..33,
        Punc(
            Comma,
        ),
    ),
    (
        33..35,
        Float,
    ),
    (
        35..36,
        Punc(
            Minus,
        ),
    ),
    (
        36..39,
        SysFunc(
            LEN,
        ),
    ),
    (
        39..40,
        Punc(
            LParen,
        ),
    ),
    (
        40..44,
        SysFunc(
            STR$,
        ),
    ),
    (
        44..45,
        Punc(
            LParen,
        ),
    ),
    (
        45..47,
        Ident,
    ),
    (
        47..48,
        Punc(
            RParen,
        ),
    ),
    (
        48..49,
        Punc(
            RParen,
        ),
    ),
    (
        49..50,
        Punc(
            Colon,
        ),
    ),
    (
        50..55,
        Keyword(
            PRINT,
        ),
    ),
    (
        56..58,
        Ident,
    ),
    (
        58..59,
        Punc(
            Colon,
        ),
    ),
    (
        59..63,
        Keyword(
            DRAW,
        ),
    ),
    (
        64..67,
        Float,
    ),
    (
        67..68,
        Punc(
            Comma,
        ),
    ),
    (
        68..70,
        Float,
    ),
    (
        70..70,
        Eof,
    ),
]
