---
source: gvb_interp/src/vm.rs
expression: "run_with_file(r#\"\n10 open \"f\" random as 2\n20 print eof(2)\n    \"#.trim(),\n              vec![(exec_error(1, 9, 15,\n                               \"EOF 函数只能用于以 INPUT 模式打开的文件，\\\n                但 2 号文件是以 RANDOM 模式打开的\"),\n                    None)], b\"f.DAT\",\n              File::new(b\"AB,\\\",ab\\\"\\xff12\\xff\\xff\".to_vec()))"

---
open file "f.DAT", read: true, write: true, truncate: false
close file

