---
source: gvb_interp/src/vm.rs
expression: "run_with_file(r#\"\n10 open \"f\" input as 3\n20 input #3, a$,b%\n    \"#.trim(),\n              vec![(exec_error(1, 16, 18,\n                               \"读取到的数据：\\\",ab 12\\\"，是用引号括起来的字符串，无法转换为数值\"),\n                    None)], b\"f.DAT\",\n              File::new(b\"AB,\\\",ab 12\\\"\\xff1e3\".to_vec()))"

---
open file "f.DAT", read: true, write: false, truncate: false
read from file: [65] 
read from file: [66] 
read from file: [44] 
read from file: [34] 
read from file: [44] 
read from file: [97] 
read from file: [98] 
read from file: [32] 
read from file: [49] 
read from file: [50] 
read from file: [34] 
read from file: [255] 
close file

