---
source: gvb_interp/src/compiler.rs
expression: "compile(r#\"\n10 while a$>\"AB=号即\":print:wend:while a<>b:cls:while a<2:cls:wend\n20 cls:goto 20:wend\n    \"#.trim())"
---
emoji_version: V2
--------- data ----------
--------- code ----------
0     0:9..11   push var A$
1     0:12..19  push string "AB=号即"
2     0:9..19   str Gt
3     0:3..19   start while loop, cond start addr: 0, end addr: 7
4     0:20..25  newline
5     0:20..25  flush
6     0:26..30  wend
7     0:37..38  push var A
8     0:40..41  push var B
9     0:37..41  num Ne
10    0:31..41  start while loop, cond start addr: 7, end addr: 21
11    0:42..45  cls
12    0:52..53  push var A
13    0:54..55  push number 2
14    0:52..55  num Lt
15    0:46..55  start while loop, cond start addr: 12, end addr: 18
16    0:56..59  cls
17    0:60..64  wend
18    1:3..6    cls
19    1:7..14   goto 18
20    1:15..19  wend
21    1:0..0    end

